 INFO  Accepting connections at http://localhost:3000
 HTTP  5/11/2026 10:00:35 AM ::1 GET /projects/primordial/
 HTTP  5/11/2026 10:00:35 AM ::1 Returned 200 in 32 ms
 HTTP  5/11/2026 10:00:35 AM ::1 GET /projects/primordial/iterations.json
 HTTP  5/11/2026 10:00:35 AM ::1 Returned 200 in 2 ms
 HTTP  5/11/2026 10:00:35 AM ::1 GET /favicon.ico
 HTTP  5/11/2026 10:00:35 AM ::1 Returned 404 in 1 ms
 HTTP  5/11/2026 12:07:36 PM ::1 GET /projects/primordial/
 HTTP  5/11/2026 12:07:36 PM ::1 Returned 304 in 4 ms
 HTTP  5/11/2026 12:07:36 PM ::1 GET /projects/primordial/iterations.json
 HTTP  5/11/2026 12:07:36 PM ::1 Returned 200 in 1 ms
 HTTP  5/11/2026 12:07:39 PM ::1 GET /projects/primordial/iterations/03-predator-prey/artifacts/interactive/
 HTTP  5/11/2026 12:07:39 PM ::1 Returned 200 in 3 ms
 HTTP  5/11/2026 12:15:53 PM ::1 GET /projects/primordial/
 HTTP  5/11/2026 12:15:53 PM ::1 Returned 304 in 4 ms
 HTTP  5/11/2026 12:15:53 PM ::1 GET /projects/primordial/iterations.json
 HTTP  5/11/2026 12:15:53 PM ::1 Returned 304 in 0 ms
 HTTP  5/11/2026 12:15:55 PM ::1 GET /projects/primordial/iterations/03-predator-prey/
 HTTP  5/11/2026 12:15:55 PM ::1 Returned 200 in 4 ms
 HTTP  5/11/2026 12:15:55 PM ::1 GET /projects/primordial/iterations/03-predator-prey/main.js
 HTTP  5/11/2026 12:15:55 PM ::1 Returned 200 in 2 ms
 HTTP  5/11/2026 12:15:55 PM ::1 GET /projects/primordial/iterations/03-predator-prey/lib.js
 HTTP  5/11/2026 12:15:55 PM ::1 Returned 200 in 1 ms
 HTTP  5/11/2026 12:15:55 PM ::1 GET /projects/primordial/iterations/03-predator-prey/agents.wgsl
 HTTP  5/11/2026 12:15:55 PM ::1 Returned 200 in 1 ms
 HTTP  5/11/2026 12:29:20 PM ::1 GET /projects/primordial/iterations/03-predator-prey/
 HTTP  5/11/2026 12:29:20 PM ::1 Returned 200 in 4 ms
 HTTP  5/11/2026 12:29:20 PM ::1 GET /projects/primordial/iterations/03-predator-prey/main.js
 HTTP  5/11/2026 12:29:20 PM ::1 Returned 200 in 2 ms
 HTTP  5/11/2026 12:29:20 PM ::1 GET /projects/primordial/iterations/03-predator-prey/lib.js
 HTTP  5/11/2026 12:29:20 PM ::1 Returned 304 in 0 ms
 HTTP  5/11/2026 12:29:20 PM ::1 GET /projects/primordial/iterations/03-predator-prey/agents.wgsl
 HTTP  5/11/2026 12:29:20 PM ::1 Returned 200 in 1 ms
 HTTP  5/11/2026 12:33:38 PM ::1 GET /projects/primordial/iterations/03-predator-prey/
 HTTP  5/11/2026 12:33:38 PM ::1 Returned 200 in 2 ms
 HTTP  5/11/2026 12:33:38 PM ::1 GET /projects/primordial/iterations/03-predator-prey/main.js
 HTTP  5/11/2026 12:33:38 PM ::1 Returned 304 in 0 ms
 HTTP  5/11/2026 12:33:38 PM ::1 GET /projects/primordial/iterations/03-predator-prey/lib.js
 HTTP  5/11/2026 12:33:38 PM ::1 Returned 304 in 0 ms
 HTTP  5/11/2026 12:33:38 PM ::1 GET /projects/primordial/iterations/03-predator-prey/agents.wgsl
 HTTP  5/11/2026 12:33:38 PM ::1 Returned 304 in 1 ms
 HTTP  5/11/2026 12:40:54 PM ::1 GET /projects/primordial/
 HTTP  5/11/2026 12:40:54 PM ::1 Returned 304 in 3 ms
 HTTP  5/11/2026 12:40:54 PM ::1 GET /projects/primordial/iterations.json
 HTTP  5/11/2026 12:40:54 PM ::1 Returned 200 in 2 ms
 HTTP  5/11/2026 12:40:56 PM ::1 GET /projects/primordial/iterations/03-predator-prey/artifacts/sign-flip/
 HTTP  5/11/2026 12:40:56 PM ::1 Returned 200 in 2 ms
 HTTP  5/11/2026 12:48:09 PM ::1 GET /projects/primordial/
 HTTP  5/11/2026 12:48:09 PM ::1 Returned 304 in 3 ms
 HTTP  5/11/2026 12:48:09 PM ::1 GET /projects/primordial/iterations.json
 HTTP  5/11/2026 12:48:09 PM ::1 Returned 304 in 1 ms
 HTTP  5/11/2026 12:51:08 PM ::1 GET /projects/primordial/iterations/03-predator-prey/
 HTTP  5/11/2026 12:51:08 PM ::1 Returned 304 in 5 ms
 HTTP  5/11/2026 12:51:08 PM ::1 GET /projects/primordial/iterations/03-predator-prey/main.js
 HTTP  5/11/2026 12:51:08 PM ::1 Returned 304 in 1 ms
 HTTP  5/11/2026 12:51:08 PM ::1 GET /projects/primordial/iterations/03-predator-prey/lib.js
 HTTP  5/11/2026 12:51:08 PM ::1 Returned 304 in 1 ms
 HTTP  5/11/2026 12:51:08 PM ::1 GET /projects/primordial/iterations/03-predator-prey/agents.wgsl
 HTTP  5/11/2026 12:51:08 PM ::1 Returned 304 in 2 ms
 HTTP  5/11/2026 12:51:08 PM ::1 GET /favicon.ico
 HTTP  5/11/2026 12:51:08 PM ::1 Returned 404 in 3 ms
 HTTP  5/11/2026 12:51:49 PM ::1 GET /
 HTTP  5/11/2026 12:51:49 PM ::1 Returned 200 in 2 ms
 HTTP  5/11/2026 12:51:49 PM ::1 GET /projects.json
 HTTP  5/11/2026 12:51:49 PM ::1 Returned 200 in 1 ms
 HTTP  5/11/2026 12:53:37 PM ::1 GET /projects/primordial/
 HTTP  5/11/2026 12:53:37 PM ::1 Returned 304 in 3 ms
 HTTP  5/11/2026 12:53:37 PM ::1 GET /projects/primordial/iterations.json
 HTTP  5/11/2026 12:53:37 PM ::1 Returned 304 in 0 ms
 HTTP  5/11/2026 1:01:55 PM ::1 GET /projects/primordial/
 HTTP  5/11/2026 1:01:55 PM ::1 Returned 304 in 2 ms
 HTTP  5/11/2026 1:01:55 PM ::1 GET /projects/primordial/iterations.json
 HTTP  5/11/2026 1:01:55 PM ::1 Returned 200 in 2 ms
 HTTP  5/11/2026 1:01:59 PM ::1 GET /projects/primordial/iterations/04-predator-prey-advanced/
 HTTP  5/11/2026 1:01:59 PM ::1 Returned 200 in 3 ms
 HTTP  5/11/2026 1:01:59 PM ::1 GET /projects/primordial/iterations/04-predator-prey-advanced/main.js
 HTTP  5/11/2026 1:01:59 PM ::1 Returned 200 in 1 ms
 HTTP  5/11/2026 1:01:59 PM ::1 GET /projects/primordial/iterations/04-predator-prey-advanced/lib.js
 HTTP  5/11/2026 1:01:59 PM ::1 Returned 200 in 1 ms
 HTTP  5/11/2026 1:01:59 PM ::1 GET /projects/primordial/iterations/04-predator-prey-advanced/agents.wgsl
 HTTP  5/11/2026 1:01:59 PM ::1 Returned 200 in 1 ms
 HTTP  5/11/2026 1:02:27 PM ::1 GET /projects/primordial/iterations/04-predator-prey-advanced/
 HTTP  5/11/2026 1:02:27 PM ::1 Returned 304 in 1 ms
 HTTP  5/11/2026 1:02:27 PM ::1 GET /projects/primordial/iterations/04-predator-prey-advanced/main.js
 HTTP  5/11/2026 1:02:27 PM ::1 Returned 304 in 1 ms
 HTTP  5/11/2026 1:02:27 PM ::1 GET /projects/primordial/iterations/04-predator-prey-advanced/lib.js
 HTTP  5/11/2026 1:02:27 PM ::1 Returned 304 in 1 ms
 HTTP  5/11/2026 1:02:27 PM ::1 GET /projects/primordial/iterations/04-predator-prey-advanced/agents.wgsl
 HTTP  5/11/2026 1:02:27 PM ::1 Returned 304 in 1 ms
 HTTP  5/11/2026 1:08:16 PM ::1 GET /projects/primordial/iterations/04-predator-prey-advanced/
 HTTP  5/11/2026 1:08:16 PM ::1 Returned 200 in 1 ms
 HTTP  5/11/2026 1:08:23 PM ::1 GET /projects/primordial/iterations/04-predator-prey-advanced/agents.wgsl
 HTTP  5/11/2026 1:08:23 PM ::1 Returned 200 in 0 ms
 HTTP  5/11/2026 1:08:23 PM ::1 GET /projects/primordial/iterations/04-predator-prey-advanced/lib.js
 HTTP  5/11/2026 1:08:23 PM ::1 Returned 200 in 1 ms
 HTTP  5/11/2026 1:08:31 PM ::1 GET /projects/primordial/iterations/04-predator-prey-advanced/
 HTTP  5/11/2026 1:08:31 PM ::1 Returned 304 in 1 ms
 HTTP  5/11/2026 1:08:31 PM ::1 GET /projects/primordial/iterations/04-predator-prey-advanced/main.js
 HTTP  5/11/2026 1:08:31 PM ::1 Returned 304 in 1 ms
 HTTP  5/11/2026 1:08:31 PM ::1 GET /projects/primordial/iterations/04-predator-prey-advanced/lib.js
 HTTP  5/11/2026 1:08:31 PM ::1 Returned 304 in 0 ms
 HTTP  5/11/2026 1:08:31 PM ::1 GET /projects/primordial/iterations/04-predator-prey-advanced/agents.wgsl
 HTTP  5/11/2026 1:08:31 PM ::1 Returned 304 in 1 ms
 HTTP  5/11/2026 1:08:34 PM ::1 GET /projects/primordial/iterations/04-predator-prey-advanced/
 HTTP  5/11/2026 1:08:34 PM ::1 Returned 200 in 2 ms
 HTTP  5/11/2026 1:08:34 PM ::1 GET /projects/primordial/iterations/04-predator-prey-advanced/main.js
 HTTP  5/11/2026 1:08:34 PM ::1 Returned 200 in 1 ms
 HTTP  5/11/2026 1:08:34 PM ::1 GET /projects/primordial/iterations/04-predator-prey-advanced/lib.js
 HTTP  5/11/2026 1:08:34 PM ::1 Returned 200 in 1 ms
 HTTP  5/11/2026 1:08:34 PM ::1 GET /projects/primordial/iterations/04-predator-prey-advanced/agents.wgsl
 HTTP  5/11/2026 1:08:34 PM ::1 Returned 200 in 0 ms
 HTTP  5/11/2026 1:08:34 PM ::1 GET /favicon.ico
 HTTP  5/11/2026 1:08:34 PM ::1 Returned 404 in 2 ms
 HTTP  5/11/2026 1:14:43 PM ::1 GET /projects/primordial/iterations/04-predator-prey-advanced/
 HTTP  5/11/2026 1:14:43 PM ::1 Returned 304 in 3 ms
 HTTP  5/11/2026 1:14:43 PM ::1 GET /projects/primordial/iterations/04-predator-prey-advanced/main.js
 HTTP  5/11/2026 1:14:43 PM ::1 Returned 200 in 2 ms
 HTTP  5/11/2026 1:14:43 PM ::1 GET /projects/primordial/iterations/04-predator-prey-advanced/lib.js
 HTTP  5/11/2026 1:14:43 PM ::1 Returned 200 in 2 ms
 HTTP  5/11/2026 1:14:43 PM ::1 GET /projects/primordial/iterations/04-predator-prey-advanced/agents.wgsl
 HTTP  5/11/2026 1:14:43 PM ::1 Returned 304 in 0 ms
 HTTP  5/11/2026 2:16:12 PM ::1 GET /projects/primordial/iterations/04-predator-prey-advanced/
 HTTP  5/11/2026 2:16:12 PM ::1 Returned 200 in 4 ms
 HTTP  5/11/2026 2:16:12 PM ::1 GET /projects/primordial/iterations/04-predator-prey-advanced/main.js
 HTTP  5/11/2026 2:16:12 PM ::1 Returned 200 in 1 ms
 HTTP  5/11/2026 2:16:12 PM ::1 GET /projects/primordial/iterations/04-predator-prey-advanced/lib.js
 HTTP  5/11/2026 2:16:12 PM ::1 Returned 304 in 0 ms
 HTTP  5/11/2026 2:16:12 PM ::1 GET /projects/primordial/iterations/04-predator-prey-advanced/agents.wgsl
 HTTP  5/11/2026 2:16:12 PM ::1 Returned 200 in 2 ms
 HTTP  5/11/2026 2:16:28 PM ::1 GET /projects/primordial/iterations/04-predator-prey-advanced/
 HTTP  5/11/2026 2:16:28 PM ::1 Returned 304 in 1 ms
 HTTP  5/11/2026 2:16:28 PM ::1 GET /projects/primordial/iterations/04-predator-prey-advanced/main.js
 HTTP  5/11/2026 2:16:28 PM ::1 Returned 304 in 1 ms
 HTTP  5/11/2026 2:16:28 PM ::1 GET /projects/primordial/iterations/04-predator-prey-advanced/lib.js
 HTTP  5/11/2026 2:16:28 PM ::1 Returned 304 in 0 ms
 HTTP  5/11/2026 2:16:28 PM ::1 GET /projects/primordial/iterations/04-predator-prey-advanced/agents.wgsl
 HTTP  5/11/2026 2:16:28 PM ::1 Returned 304 in 1 ms
 HTTP  5/11/2026 2:23:47 PM ::1 GET /projects/primordial/iterations/04-predator-prey-advanced/
 HTTP  5/11/2026 2:23:47 PM ::1 Returned 304 in 2 ms
 HTTP  5/11/2026 2:23:47 PM ::1 GET /projects/primordial/iterations/04-predator-prey-advanced/main.js
 HTTP  5/11/2026 2:23:47 PM ::1 Returned 200 in 1 ms
 HTTP  5/11/2026 2:23:47 PM ::1 GET /projects/primordial/iterations/04-predator-prey-advanced/lib.js
 HTTP  5/11/2026 2:23:47 PM ::1 Returned 304 in 1 ms
 HTTP  5/11/2026 2:23:47 PM ::1 GET /projects/primordial/iterations/04-predator-prey-advanced/agents.wgsl
 HTTP  5/11/2026 2:23:47 PM ::1 Returned 200 in 1 ms
 HTTP  5/12/2026 10:34:20 AM ::1 GET /projects/primordial/iterations/04-predator-prey-advanced/?pr=29&pa=0.00&pe=0.065&ps=0.93&vs=0.45&tp=0.800&pu=500&ms=4&em=0.045&cm=9.9&vg=1.48
 HTTP  5/12/2026 10:34:20 AM ::1 Returned 200 in 27 ms
 HTTP  5/12/2026 10:34:20 AM ::1 GET /projects/primordial/iterations/04-predator-prey-advanced/main.js
 HTTP  5/12/2026 10:34:20 AM ::1 Returned 304 in 0 ms
 HTTP  5/12/2026 10:34:20 AM ::1 GET /projects/primordial/iterations/04-predator-prey-advanced/lib.js
 HTTP  5/12/2026 10:34:20 AM ::1 Returned 304 in 0 ms
 HTTP  5/12/2026 10:34:21 AM ::1 GET /projects/primordial/iterations/04-predator-prey-advanced/agents.wgsl
 HTTP  5/12/2026 10:34:21 AM ::1 Returned 304 in 1 ms
 HTTP  5/12/2026 10:43:57 AM ::1 GET /projects/primordial/iterations/04-predator-prey-advanced/?pr=29&pa=0.00&pe=0.065&ps=0.93&vs=0.45&tp=0.800&pu=500&ms=4&em=0.045&cm=9.9&vg=1.48
 HTTP  5/12/2026 10:43:57 AM ::1 Returned 200 in 2 ms
 HTTP  5/12/2026 10:43:57 AM ::1 GET /projects/primordial/iterations/04-predator-prey-advanced/main.js
 HTTP  5/12/2026 10:43:57 AM ::1 Returned 200 in 1 ms
 HTTP  5/12/2026 10:43:57 AM ::1 GET /projects/primordial/iterations/04-predator-prey-advanced/lib.js
 HTTP  5/12/2026 10:43:57 AM ::1 Returned 200 in 2 ms
 HTTP  5/12/2026 10:43:57 AM ::1 GET /projects/primordial/iterations/04-predator-prey-advanced/agents.wgsl
 HTTP  5/12/2026 10:43:57 AM ::1 Returned 200 in 1 ms
 HTTP  5/12/2026 10:47:56 AM ::1 GET /projects/primordial/iterations/04-predator-prey-advanced/?pr=29&pa=0.00&pe=0.065&ps=0.93&vs=0.45&tp=0.800&pu=500&ms=4&em=0.045&cm=9.9&vg=1.48
 HTTP  5/12/2026 10:47:56 AM ::1 Returned 304 in 1 ms
 HTTP  5/12/2026 10:47:56 AM ::1 GET /projects/primordial/iterations/04-predator-prey-advanced/main.js
 HTTP  5/12/2026 10:47:56 AM ::1 Returned 200 in 1 ms
 HTTP  5/12/2026 10:47:56 AM ::1 GET /projects/primordial/iterations/04-predator-prey-advanced/lib.js
 HTTP  5/12/2026 10:47:56 AM ::1 Returned 304 in 1 ms
 HTTP  5/12/2026 10:47:56 AM ::1 GET /projects/primordial/iterations/04-predator-prey-advanced/agents.wgsl
 HTTP  5/12/2026 10:47:56 AM ::1 Returned 304 in 1 ms
 HTTP  5/12/2026 10:48:24 AM ::1 GET /projects/primordial/iterations/04-predator-prey-advanced/?pr=29&pa=0.00&pe=0.065&ps=0.93&vs=0.45&tp=0.800&pu=500&ms=4&em=0.045&cm=9.9&vg=1.48
 HTTP  5/12/2026 10:48:24 AM ::1 Returned 304 in 2 ms
 HTTP  5/12/2026 10:48:24 AM ::1 GET /projects/primordial/iterations/04-predator-prey-advanced/main.js
 HTTP  5/12/2026 10:48:24 AM ::1 Returned 200 in 0 ms
 HTTP  5/12/2026 10:48:24 AM ::1 GET /projects/primordial/iterations/04-predator-prey-advanced/lib.js
 HTTP  5/12/2026 10:48:24 AM ::1 Returned 304 in 0 ms
 HTTP  5/12/2026 10:48:24 AM ::1 GET /projects/primordial/iterations/04-predator-prey-advanced/agents.wgsl
 HTTP  5/12/2026 10:48:24 AM ::1 Returned 304 in 0 ms
 HTTP  5/12/2026 10:48:37 AM ::1 GET /projects/primordial/iterations/04-predator-prey-advanced/?pr=29&pa=0.00&pe=0.065&ps=0.93&vs=0.45&tp=0.800&pu=500&ms=4&em=0.045&cm=9.9&vg=1.48
 HTTP  5/12/2026 10:48:37 AM ::1 Returned 304 in 1 ms
 HTTP  5/12/2026 10:48:37 AM ::1 GET /projects/primordial/iterations/04-predator-prey-advanced/main.js
 HTTP  5/12/2026 10:48:37 AM ::1 Returned 304 in 0 ms
 HTTP  5/12/2026 10:48:37 AM ::1 GET /projects/primordial/iterations/04-predator-prey-advanced/lib.js
 HTTP  5/12/2026 10:48:37 AM ::1 Returned 304 in 1 ms
 HTTP  5/12/2026 10:48:37 AM ::1 GET /projects/primordial/iterations/04-predator-prey-advanced/agents.wgsl
 HTTP  5/12/2026 10:48:37 AM ::1 Returned 304 in 1 ms
 HTTP  5/12/2026 10:49:13 AM ::1 GET /projects/primordial/iterations/04-predator-prey-advanced/?pr=29&pa=0.00&pe=0.065&ps=0.93&vs=0.45&tp=0.800&pu=500&ms=4&em=0.045&cm=9.9&vg=1.48
 HTTP  5/12/2026 10:49:13 AM ::1 Returned 304 in 1 ms
 HTTP  5/12/2026 10:49:13 AM ::1 GET /projects/primordial/iterations/04-predator-prey-advanced/main.js
 HTTP  5/12/2026 10:49:13 AM ::1 Returned 304 in 1 ms
 HTTP  5/12/2026 10:49:13 AM ::1 GET /projects/primordial/iterations/04-predator-prey-advanced/lib.js
 HTTP  5/12/2026 10:49:13 AM ::1 Returned 304 in 1 ms
 HTTP  5/12/2026 10:49:13 AM ::1 GET /projects/primordial/iterations/04-predator-prey-advanced/agents.wgsl
 HTTP  5/12/2026 10:49:13 AM ::1 Returned 304 in 0 ms
 HTTP  5/12/2026 10:49:18 AM ::1 GET /projects/primordial/iterations/04-predator-prey-advanced/?pr=29&pa=0.00&pe=0.065&ps=0.93&vs=0.45&tp=0.800&pu=500&ms=4&em=0.045&cm=9.9&vg=1.48
 HTTP  5/12/2026 10:49:18 AM ::1 Returned 304 in 0 ms
 HTTP  5/12/2026 10:49:18 AM ::1 GET /projects/primordial/iterations/04-predator-prey-advanced/main.js
 HTTP  5/12/2026 10:49:18 AM ::1 Returned 304 in 0 ms
 HTTP  5/12/2026 10:49:18 AM ::1 GET /projects/primordial/iterations/04-predator-prey-advanced/lib.js
 HTTP  5/12/2026 10:49:18 AM ::1 Returned 304 in 1 ms
 HTTP  5/12/2026 10:49:18 AM ::1 GET /projects/primordial/iterations/04-predator-prey-advanced/agents.wgsl
 HTTP  5/12/2026 10:49:18 AM ::1 Returned 304 in 1 ms
 HTTP  5/12/2026 10:54:48 AM ::1 GET /projects/primordial/iterations/04-predator-prey-advanced/?pr=29&pa=0.00&pe=0.065&ps=0.93&vs=0.45&tp=0.800&pu=500&ms=4&em=0.045&cm=9.9&vg=1.48
 HTTP  5/12/2026 10:54:48 AM ::1 Returned 304 in 2 ms
 HTTP  5/12/2026 10:54:48 AM ::1 GET /projects/primordial/iterations/04-predator-prey-advanced/main.js
 HTTP  5/12/2026 10:54:48 AM ::1 Returned 200 in 2 ms
 HTTP  5/12/2026 10:54:48 AM ::1 GET /projects/primordial/iterations/04-predator-prey-advanced/lib.js
 HTTP  5/12/2026 10:54:48 AM ::1 Returned 304 in 0 ms
 HTTP  5/12/2026 10:54:48 AM ::1 GET /projects/primordial/iterations/04-predator-prey-advanced/agents.wgsl
 HTTP  5/12/2026 10:54:48 AM ::1 Returned 304 in 1 ms
 HTTP  5/12/2026 10:56:13 AM ::1 GET /projects/primordial/iterations/04-predator-prey-advanced/?pr=29&pa=0.00&pe=0.065&ps=0.93&vs=0.45&tp=0.800&pu=500&ms=4&em=0.045&cm=9.9&vg=1.48
 HTTP  5/12/2026 10:56:13 AM ::1 Returned 304 in 1 ms
 HTTP  5/12/2026 10:56:13 AM ::1 GET /projects/primordial/iterations/04-predator-prey-advanced/main.js
 HTTP  5/12/2026 10:56:13 AM ::1 Returned 304 in 0 ms
 HTTP  5/12/2026 10:56:13 AM ::1 GET /projects/primordial/iterations/04-predator-prey-advanced/lib.js
 HTTP  5/12/2026 10:56:13 AM ::1 Returned 304 in 0 ms
 HTTP  5/12/2026 10:56:13 AM ::1 GET /projects/primordial/iterations/04-predator-prey-advanced/agents.wgsl
 HTTP  5/12/2026 10:56:13 AM ::1 Returned 304 in 1 ms
 HTTP  5/12/2026 10:57:01 AM ::1 GET /projects/primordial/iterations/04-predator-prey-advanced/?pr=29&pa=0.00&pe=0.065&ps=0.93&vs=0.45&tp=0.800&pu=500&ms=4&em=0.045&cm=9.9&vg=1.48
 HTTP  5/12/2026 10:57:01 AM ::1 Returned 304 in 1 ms
 HTTP  5/12/2026 10:57:01 AM ::1 GET /projects/primordial/iterations/04-predator-prey-advanced/main.js
 HTTP  5/12/2026 10:57:01 AM ::1 Returned 304 in 1 ms
 HTTP  5/12/2026 10:57:01 AM ::1 GET /projects/primordial/iterations/04-predator-prey-advanced/lib.js
 HTTP  5/12/2026 10:57:01 AM ::1 Returned 304 in 0 ms
 HTTP  5/12/2026 10:57:01 AM ::1 GET /projects/primordial/iterations/04-predator-prey-advanced/agents.wgsl
 HTTP  5/12/2026 10:57:01 AM ::1 Returned 304 in 1 ms
 HTTP  5/12/2026 11:00:37 AM ::1 GET /projects/primordial/iterations/04-predator-prey-advanced/?pr=29&pa=0.00&pe=0.065&ps=0.93&vs=0.45&tp=0.800&pu=500&ms=4&em=0.045&cm=9.9&vg=1.48
 HTTP  5/12/2026 11:00:37 AM ::1 Returned 304 in 1 ms
 HTTP  5/12/2026 11:00:37 AM ::1 GET /projects/primordial/iterations/04-predator-prey-advanced/main.js
 HTTP  5/12/2026 11:00:37 AM ::1 Returned 304 in 0 ms
 HTTP  5/12/2026 11:00:37 AM ::1 GET /projects/primordial/iterations/04-predator-prey-advanced/lib.js
 HTTP  5/12/2026 11:00:37 AM ::1 Returned 304 in 0 ms
 HTTP  5/12/2026 11:00:37 AM ::1 GET /projects/primordial/iterations/04-predator-prey-advanced/agents.wgsl
 HTTP  5/12/2026 11:00:37 AM ::1 Returned 304 in 1 ms
 HTTP  5/12/2026 11:07:07 AM ::1 GET /projects/primordial/iterations/04-predator-prey-advanced/?pr=29&pa=0.00&pe=0.065&ps=0.93&vs=0.45&tp=0.800&pu=500&ms=4&em=0.045&cm=9.9&vg=1.48
 HTTP  5/12/2026 11:07:07 AM ::1 Returned 304 in 3 ms
 HTTP  5/12/2026 11:07:07 AM ::1 GET /projects/primordial/iterations/04-predator-prey-advanced/main.js
 HTTP  5/12/2026 11:07:07 AM ::1 Returned 304 in 0 ms
 HTTP  5/12/2026 11:07:07 AM ::1 GET /projects/primordial/iterations/04-predator-prey-advanced/lib.js
 HTTP  5/12/2026 11:07:07 AM ::1 Returned 304 in 1 ms
 HTTP  5/12/2026 11:07:07 AM ::1 GET /projects/primordial/iterations/04-predator-prey-advanced/agents.wgsl
 HTTP  5/12/2026 11:07:07 AM ::1 Returned 304 in 1 ms
 HTTP  5/12/2026 11:08:19 AM ::1 GET /projects/primordial/iterations/04-predator-prey-advanced/?pr=29&pa=0.00&pe=0.065&ps=0.93&vs=0.45&tp=0.800&pu=500&ms=4&em=0.045&cm=9.9&vg=1.48
 HTTP  5/12/2026 11:08:19 AM ::1 Returned 304 in 1 ms
 HTTP  5/12/2026 11:08:19 AM ::1 GET /projects/primordial/iterations/04-predator-prey-advanced/main.js
 HTTP  5/12/2026 11:08:19 AM ::1 Returned 304 in 1 ms
 HTTP  5/12/2026 11:08:19 AM ::1 GET /projects/primordial/iterations/04-predator-prey-advanced/lib.js
 HTTP  5/12/2026 11:08:19 AM ::1 Returned 304 in 0 ms
 HTTP  5/12/2026 11:08:19 AM ::1 GET /projects/primordial/iterations/04-predator-prey-advanced/agents.wgsl
 HTTP  5/12/2026 11:08:19 AM ::1 Returned 304 in 1 ms
 HTTP  5/12/2026 11:08:26 AM ::1 GET /projects/primordial/iterations/04-predator-prey-advanced/?pr=29&pa=0.00&pe=0.065&ps=0.93&vs=0.45&tp=0.800&pu=500&ms=4&em=0.045&cm=9.9&vg=1.48
 HTTP  5/12/2026 11:08:26 AM ::1 Returned 304 in 1 ms
 HTTP  5/12/2026 11:08:26 AM ::1 GET /projects/primordial/iterations/04-predator-prey-advanced/main.js
 HTTP  5/12/2026 11:08:26 AM ::1 Returned 304 in 1 ms
 HTTP  5/12/2026 11:08:26 AM ::1 GET /projects/primordial/iterations/04-predator-prey-advanced/lib.js
 HTTP  5/12/2026 11:08:26 AM ::1 Returned 304 in 0 ms
 HTTP  5/12/2026 11:08:26 AM ::1 GET /projects/primordial/iterations/04-predator-prey-advanced/agents.wgsl
 HTTP  5/12/2026 11:08:26 AM ::1 Returned 304 in 1 ms
 HTTP  5/12/2026 11:53:37 AM ::1 GET /projects/primordial/iterations/04-predator-prey-advanced/
 HTTP  5/12/2026 11:53:37 AM ::1 Returned 200 in 5 ms
 HTTP  5/12/2026 11:53:37 AM ::1 GET /projects/primordial/iterations/04-predator-prey-advanced/main.js?v=3
 HTTP  5/12/2026 11:53:37 AM ::1 Returned 200 in 1 ms
 HTTP  5/12/2026 11:53:37 AM ::1 GET /projects/primordial/iterations/04-predator-prey-advanced/lib.js?v=3
 HTTP  5/12/2026 11:53:37 AM ::1 Returned 200 in 0 ms
 HTTP  5/12/2026 11:53:37 AM ::1 GET /projects/primordial/iterations/04-predator-prey-advanced/agents.wgsl?v=3
 HTTP  5/12/2026 11:53:37 AM ::1 Returned 200 in 2 ms
 HTTP  5/12/2026 12:12:30 PM ::1 GET /projects/primordial/iterations/04-predator-prey-advanced/
 HTTP  5/12/2026 12:12:30 PM ::1 Returned 200 in 10 ms
 HTTP  5/12/2026 12:12:30 PM ::1 GET /projects/primordial/iterations/04-predator-prey-advanced/main.js?v=3
 HTTP  5/12/2026 12:12:30 PM ::1 Returned 200 in 1 ms
 HTTP  5/12/2026 12:12:30 PM ::1 GET /projects/primordial/iterations/04-predator-prey-advanced/lib.js?v=3
 HTTP  5/12/2026 12:12:30 PM ::1 Returned 200 in 1 ms
 HTTP  5/12/2026 12:12:30 PM ::1 GET /projects/primordial/iterations/04-predator-prey-advanced/agents.wgsl?v=3
 HTTP  5/12/2026 12:12:30 PM ::1 Returned 200 in 0 ms
 HTTP  5/12/2026 12:12:30 PM ::1 GET /favicon.ico
 HTTP  5/12/2026 12:12:30 PM ::1 Returned 404 in 3 ms
 HTTP  5/12/2026 12:12:33 PM ::1 GET /projects/primordial/iterations/04-predator-prey-advanced/
 HTTP  5/12/2026 12:12:33 PM ::1 Returned 200 in 2 ms
 HTTP  5/12/2026 12:12:33 PM ::1 GET /projects/primordial/iterations/04-predator-prey-advanced/main.js?v=3
 HTTP  5/12/2026 12:12:33 PM ::1 Returned 200 in 1 ms
 HTTP  5/12/2026 12:12:33 PM ::1 GET /projects/primordial/iterations/04-predator-prey-advanced/lib.js?v=3
 HTTP  5/12/2026 12:12:33 PM ::1 Returned 200 in 1 ms
 HTTP  5/12/2026 12:12:33 PM ::1 GET /projects/primordial/iterations/04-predator-prey-advanced/agents.wgsl?v=3
 HTTP  5/12/2026 12:12:33 PM ::1 Returned 200 in 0 ms
 HTTP  5/12/2026 12:12:33 PM ::1 GET /favicon.ico
 HTTP  5/12/2026 12:12:33 PM ::1 Returned 404 in 1 ms
 HTTP  5/12/2026 12:15:55 PM ::1 GET /projects/primordial/iterations/04-predator-prey-advanced/
 HTTP  5/12/2026 12:15:55 PM ::1 Returned 200 in 1 ms
 HTTP  5/12/2026 12:15:56 PM ::1 GET /projects/primordial/iterations/04-predator-prey-advanced/main.js?v=3
 HTTP  5/12/2026 12:15:56 PM ::1 Returned 304 in 0 ms
 HTTP  5/12/2026 12:15:56 PM ::1 GET /projects/primordial/iterations/04-predator-prey-advanced/lib.js?v=3
 HTTP  5/12/2026 12:15:56 PM ::1 Returned 304 in 0 ms
 HTTP  5/12/2026 12:15:56 PM ::1 GET /projects/primordial/iterations/04-predator-prey-advanced/agents.wgsl?v=3
 HTTP  5/12/2026 12:15:56 PM ::1 Returned 304 in 1 ms
 HTTP  5/12/2026 1:33:15 PM ::1 GET /projects/primordial/iterations/04-predator-prey-advanced/
 HTTP  5/12/2026 1:33:15 PM ::1 Returned 200 in 5 ms
 HTTP  5/12/2026 1:33:15 PM ::1 GET /projects/primordial/iterations/04-predator-prey-advanced/main.js?v=3
 HTTP  5/12/2026 1:33:15 PM ::1 Returned 304 in 1 ms
 HTTP  5/12/2026 1:33:15 PM ::1 GET /projects/primordial/iterations/04-predator-prey-advanced/lib.js?v=3
 HTTP  5/12/2026 1:33:15 PM ::1 Returned 304 in 1 ms
 HTTP  5/12/2026 1:33:15 PM ::1 GET /projects/primordial/iterations/04-predator-prey-advanced/agents.wgsl?v=3
 HTTP  5/12/2026 1:33:15 PM ::1 Returned 304 in 1 ms
 HTTP  5/14/2026 12:40:20 PM 192.168.1.24 GET /experimental
 HTTP  5/14/2026 12:40:20 PM 192.168.1.24 Returned 404 in 42 ms
 HTTP  5/14/2026 12:40:21 PM 192.168.1.24 GET /favicon.ico
 HTTP  5/14/2026 12:40:21 PM 192.168.1.24 Returned 404 in 2 ms
 HTTP  5/14/2026 8:16:05 PM ::1 GET /projects/primordial/iterations/04-predator-prey-advanced/
 HTTP  5/14/2026 8:16:05 PM ::1 Returned 304 in 26 ms
 HTTP  5/14/2026 8:16:05 PM ::1 GET /projects/primordial/iterations/04-predator-prey-advanced/main.js?v=3
 HTTP  5/14/2026 8:16:05 PM ::1 Returned 304 in 3 ms
 HTTP  5/14/2026 8:16:05 PM ::1 GET /projects/primordial/iterations/04-predator-prey-advanced/lib.js?v=3
 HTTP  5/14/2026 8:16:05 PM ::1 Returned 304 in 0 ms
 HTTP  5/14/2026 8:16:06 PM ::1 GET /projects/primordial/iterations/04-predator-prey-advanced/agents.wgsl?v=3
 HTTP  5/14/2026 8:16:06 PM ::1 Returned 304 in 9 ms
 HTTP  5/20/2026 11:18:34 AM ::1 GET /api/videos
 HTTP  5/20/2026 11:18:34 AM ::1 Returned 404 in 21 ms
 HTTP  5/20/2026 6:32:28 PM ::1 GET /
 HTTP  5/20/2026 6:32:28 PM ::1 Returned 200 in 21 ms
 HTTP  5/20/2026 6:32:36 PM ::1 GET /plan
 HTTP  5/20/2026 6:32:36 PM ::1 Returned 404 in 2 ms
 HTTP  5/23/2026 8:45:17 PM ::1 GET /
 HTTP  5/23/2026 8:45:17 PM ::1 Returned 200 in 15 ms
 HTTP  5/24/2026 10:32:00 AM ::1 GET /projects/primordial/iterations/04-predator-prey-advanced/
 HTTP  5/24/2026 10:32:00 AM ::1 Returned 200 in 33 ms
 HTTP  5/24/2026 10:32:00 AM ::1 GET /projects/primordial/iterations/04-predator-prey-advanced/main.js?v=3
 HTTP  5/24/2026 10:32:00 AM ::1 Returned 200 in 7 ms
 HTTP  5/24/2026 10:32:00 AM ::1 GET /projects/primordial/iterations/04-predator-prey-advanced/lib.js?v=3
 HTTP  5/24/2026 10:32:00 AM ::1 Returned 200 in 0 ms
 HTTP  5/24/2026 10:32:00 AM ::1 GET /projects/primordial/iterations/04-predator-prey-advanced/agents.wgsl?v=3
 HTTP  5/24/2026 10:32:00 AM ::1 Returned 200 in 4 ms
 HTTP  5/24/2026 10:32:01 AM ::1 GET /favicon.ico
 HTTP  5/24/2026 10:32:01 AM ::1 Returned 404 in 5 ms
 HTTP  5/28/2026 1:35:25 PM ::1 GET /
 HTTP  5/28/2026 1:35:25 PM ::1 Returned 200 in 17 ms
 HTTP  5/28/2026 1:36:05 PM ::1 GET /
 HTTP  5/28/2026 1:36:05 PM ::1 Returned 200 in 2 ms
 HTTP  5/28/2026 1:36:05 PM ::1 GET /projects.json
 HTTP  5/28/2026 1:36:05 PM ::1 Returned 200 in 1 ms
 HTTP  5/28/2026 1:36:07 PM ::1 GET /library
 HTTP  5/28/2026 1:36:07 PM ::1 Returned 404 in 2 ms
 HTTP  5/28/2026 1:36:09 PM ::1 GET /plan?edit=8f078e1e-f35d-4e3a-a998-19d5bbcc6971
 HTTP  5/28/2026 1:36:09 PM ::1 Returned 404 in 2 ms
 HTTP  5/28/2026 1:36:13 PM ::1 GET /workout/8f078e1e-f35d-4e3a-a998-19d5bbcc6971
 HTTP  5/28/2026 1:36:13 PM ::1 Returned 404 in 1 ms
 HTTP  6/2/2026 12:23:49 PM ::1 GET /api/sessions
 HTTP  6/2/2026 12:23:49 PM ::1 Returned 404 in 17 ms
 HTTP  6/2/2026 12:24:03 PM ::1 GET /api/sessions
 HTTP  6/2/2026 12:24:03 PM ::1 Returned 404 in 1 ms
 HTTP  6/3/2026 12:53:18 PM ::1 GET /session/new
 HTTP  6/3/2026 12:53:18 PM ::1 Returned 404 in 14 ms
 HTTP  6/3/2026 12:53:21 PM ::1 GET /
 HTTP  6/3/2026 12:53:21 PM ::1 Returned 200 in 4 ms
 HTTP  6/3/2026 12:53:27 PM ::1 GET /api/sessions
 HTTP  6/3/2026 12:53:27 PM ::1 Returned 404 in 2 ms
 HTTP  6/3/2026 12:53:44 PM ::1 GET /api/workouts
 HTTP  6/3/2026 12:53:44 PM ::1 Returned 404 in 1 ms
 HTTP  6/3/2026 12:53:48 PM ::1 GET /api/workouts/8f078e1e-f35d-4e3a-a998-19d5bbcc6971
 HTTP  6/3/2026 12:53:48 PM ::1 Returned 404 in 1 ms
 HTTP  6/3/2026 12:53:57 PM ::1 POST /api/sessions
 HTTP  6/3/2026 12:53:57 PM ::1 Returned 404 in 1 ms
 HTTP  6/3/2026 12:54:03 PM ::1 POST /api/sessions
 HTTP  6/3/2026 12:54:03 PM ::1 Returned 404 in 3 ms
 HTTP  6/3/2026 5:17:18 PM ::1 GET /queue
 HTTP  6/3/2026 5:17:18 PM ::1 Returned 404 in 15 ms
 HTTP  6/3/2026 5:18:25 PM ::1 GET /queue
 HTTP  6/3/2026 5:18:25 PM ::1 Returned 404 in 5 ms
 HTTP  6/3/2026 5:28:47 PM 192.168.1.24 GET /experimental/highlight-space-v1
 HTTP  6/3/2026 5:28:47 PM 192.168.1.24 Returned 404 in 16 ms
 HTTP  6/3/2026 5:28:47 PM 192.168.1.24 GET /favicon.ico
 HTTP  6/3/2026 5:28:47 PM 192.168.1.24 Returned 404 in 6 ms
 HTTP  6/4/2026 2:53:47 PM ::1 POST /api/videos/sync
 HTTP  6/4/2026 2:53:47 PM ::1 Returned 404 in 24 ms
 HTTP  6/4/2026 2:53:50 PM ::1 POST /api/videos/sync
 HTTP  6/4/2026 2:53:50 PM ::1 Returned 404 in 1 ms
 HTTP  6/4/2026 2:54:17 PM ::1 GET /api/videos
 HTTP  6/4/2026 2:54:17 PM ::1 Returned 404 in 1 ms
 HTTP  6/4/2026 2:54:17 PM ::1 GET /api/videos
 HTTP  6/4/2026 2:54:17 PM ::1 Returned 404 in 1 ms
 HTTP  6/5/2026 2:17:06 PM ::1 POST /api/video/push-to-turso
 HTTP  6/5/2026 2:17:06 PM ::1 Returned 404 in 37 ms

 INFO  Gracefully shutting down. Please wait...
